// Jest Snapshot v1, https://goo.gl/fbAQLP

exports[`Properties Renders as expected 1`] = `
<div>
  <h3>
    Properties Page
  </h3>
</div>
`;
